
> sentinel-cli@1.9.0 test
> jest --passWithNoTests

node.exe : FAIL __tests__/orchestrator.test.js
At C:\Program Files\nodejs\npm.ps1:29 char:3
+   & $NODE_EXE $NPM_CLI_JS $args
+   ~~~~~~~~~~~~~~~~~~~~~~~~~~~~~
    + CategoryInfo          : NotSpecified: (FAIL __tests__/orchestrator.test. 
   js:String) [], RemoteException
    + FullyQualifiedErrorId : NativeCommandError
 
  ΓùÅ Test suite failed to run

    ReferenceError: require is not defined

    [0m[31m[1m>[22m[39m[90m 1 |[39m [36mconst[39m { execFile } 
[33m=[39m require([32m'child_process'[39m)[33m;[39m
     [90m   |[39m                      [31m[1m^[22m[39m
     [90m 2 |[39m [36mconst[39m { join } [33m=[39m 
require([32m'path'[39m)[33m;[39m
     [90m 3 |[39m
     [90m 4 |[39m [36mfunction[39m runNode(args) {[0m

      at __tests__/orchestrator.test.js:1:22

(node:12960) ExperimentalWarning: VM Modules is an experimental feature and 
might change at any time
(Use `node --trace-warnings ...` to show where the warning was created)
PASS __tests__/new-features.test.js
  ΓùÅ Console

    console.warn
      ΓÜá∩╕Å  Tree-sitter Python not available: Cannot find module 
'tree-sitter' from 'src/agents/languageAgents.js'

    [0m [90m 418 |[39m       }
     [90m 419 |[39m     } [36mcatch[39m (error) {
    [31m[1m>[22m[39m[90m 420 |[39m       
console[33m.[39mwarn([32m`ΓÜá∩╕Å  Tree-sitter Python not available: 
${error.message}`[39m)[33m;[39m
     [90m     |[39m               [31m[1m^[22m[39m
     [90m 421 |[39m       [36mthis[39m[33m.[39museTreeSitter [33m=[39m 
[36mfalse[39m[33m;[39m
     [90m 422 |[39m     }
     [90m 423 |[39m[0m

      at PythonAgent.initialize (src/agents/languageAgents.js:420:15)
      at getLanguageAgent (src/agents/languageAgents.js:711:3)
      at Object.<anonymous> (__tests__/new-features.test.js:111:19)

    console.warn
      ΓÜá∩╕Å  Tree-sitter Rust not available: Cannot find module 'tree-sitter' 
from 'src/agents/languageAgents.js'

    [0m [90m 563 |[39m       }
     [90m 564 |[39m     } [36mcatch[39m (error) {
    [31m[1m>[22m[39m[90m 565 |[39m       
console[33m.[39mwarn([32m`ΓÜá∩╕Å  Tree-sitter Rust not available: 
${error.message}`[39m)[33m;[39m
     [90m     |[39m               [31m[1m^[22m[39m
     [90m 566 |[39m       [36mthis[39m[33m.[39museTreeSitter [33m=[39m 
[36mfalse[39m[33m;[39m
     [90m 567 |[39m     }
     [90m 568 |[39m[0m

      at RustAgent.initialize (src/agents/languageAgents.js:565:15)
      at getLanguageAgent (src/agents/languageAgents.js:711:3)
      at Object.<anonymous> (__tests__/new-features.test.js:116:19)

FAIL __tests__/securityAnalyzer.test.js
  ΓùÅ SecurityAnalyzer ΓÇ║ Secret Detection ΓÇ║ should detect AWS credentials

    expect(received).toBeGreaterThan(expected)

    Expected: > 0
    Received:   0

    [0m [90m 93 |[39m             [36mconst[39m issues [33m=[39m 
[36mawait[39m analyzer[33m.[39manalyze(files[33m,[39m {})[33m;[39m
     [90m 94 |[39m
    [31m[1m>[22m[39m[90m 95 |[39m             expect(issues[33m.[39mlen
gth)[33m.[39mtoBeGreaterThan([35m0[39m)[33m;[39m
     [90m    |[39m                                   [31m[1m^[22m[39m
     [90m 96 |[39m             expect(issues[33m.[39msome(i [33m=>[39m 
i[33m.[39mseverity [33m===[39m [32m'critical'[39m [33m||[39m 
i[33m.[39mseverity [33m===[39m 
[32m'high'[39m))[33m.[39mtoBe([36mtrue[39m)[33m;[39m
     [90m 97 |[39m         })[33m;[39m
     [90m 98 |[39m[0m

      at Object.<anonymous> (__tests__/securityAnalyzer.test.js:95:35)

FAIL __tests__/phase-features.test.js
  ΓùÅ Test suite failed to run

    Configuration error:

    Could not locate module ../../src/core/analysisOrchestrator.js mapped as:
    $1.

    Please check your configuration for these entries:
    {
      "moduleNameMapper": {
        "/^(\.{1,2}\/.*)\.js$/": "$1"
      },
      "resolver": undefined
    }

      at createNoMappedModuleFoundError 
(node_modules/jest-resolve/build/resolver.js:759:17)

FAIL __tests__/cache.test.js
  ΓùÅ Test suite failed to run

    ReferenceError: jest is not defined

    [0m [90m  5 |[39m [36mimport[39m { promises [36mas[39m fs } 
[36mfrom[39m [32m'fs'[39m[33m;[39m
     [90m  6 |[39m
    [31m[1m>[22m[39m[90m  7 |[39m 
jest[33m.[39mmock([32m'fs'[39m[33m,[39m () [33m=>[39m ({
     [90m    |[39m [31m[1m^[22m[39m
     [90m  8 |[39m     promises[33m:[39m {
     [90m  9 |[39m         mkdir[33m:[39m 
jest[33m.[39mfn()[33m.[39mmockResolvedValue(undefined)[33m,[39m
     [90m 10 |[39m         stat[33m:[39m jest[33m.[39mfn()[33m,[39m[0m

      at __tests__/cache.test.js:7:1

FAIL __tests__/github.test.js
  ΓùÅ Test suite failed to run

    ReferenceError: jest is not defined

    [0m [90m  6 |[39m
     [90m  7 |[39m [90m// Mock fetch[39m
    [31m[1m>[22m[39m[90m  8 |[39m global[33m.[39mfetch [33m=[39m 
jest[33m.[39mfn()[33m;[39m
     [90m    |[39m                [31m[1m^[22m[39m
     [90m  9 |[39m
     [90m 10 |[39m describe([32m'GitHubIntegration'[39m[33m,[39m () 
[33m=>[39m {
     [90m 11 |[39m     [36mlet[39m github[33m;[39m[0m

      at __tests__/github.test.js:8:16

FAIL __tests__/errorHandler.test.js
  ΓùÅ ErrorHandler ΓÇ║ should register custom handlers

    ReferenceError: jest is not defined

    [0m [90m 85 |[39m
     [90m 86 |[39m     it([32m'should register custom 
handlers'[39m[33m,[39m () [33m=>[39m {
    [31m[1m>[22m[39m[90m 87 |[39m         [36mconst[39m handler 
[33m=[39m jest[33m.[39mfn()[33m;[39m
     [90m    |[39m                         [31m[1m^[22m[39m
     [90m 88 |[39m         
errorHandler[33m.[39mregisterHandler(handler)[33m;[39m
     [90m 89 |[39m
     [90m 90 |[39m         expect(errorHandler[33m.[39mhandlers)[33m.[39m
toContain(handler)[33m;[39m[0m

      at Object.<anonymous> (__tests__/errorHandler.test.js:87:25)

  ΓùÅ ErrorHandler ΓÇ║ should execute custom handlers on error

    ReferenceError: jest is not defined

    [0m [90m 92 |[39m
     [90m 93 |[39m     it([32m'should execute custom handlers on 
error'[39m[33m,[39m [36masync[39m () [33m=>[39m {
    [31m[1m>[22m[39m[90m 94 |[39m         [36mconst[39m handler 
[33m=[39m jest[33m.[39mfn()[33m;[39m
     [90m    |[39m                         [31m[1m^[22m[39m
     [90m 95 |[39m         
errorHandler[33m.[39mregisterHandler(handler)[33m;[39m
     [90m 96 |[39m
     [90m 97 |[39m         [36mconst[39m error [33m=[39m [36mnew[39m 
[33mSentinelError[39m([32m'Test'[39m[33m,[39m 
[32m'TEST'[39m[33m,[39m [32m'medium'[39m)[33m;[39m[0m

      at Object.<anonymous> (__tests__/errorHandler.test.js:94:25)

Test Suites: 6 failed, 1 passed, 7 total
Tests:       3 failed, 34 passed, 37 total
Snapshots:   0 total
Time:        1.215 s
Ran all test suites.
